Working on problem size N=8388608 
 inside sum_indirect problem_setup, N=8388608 
 inside sum_indirect perform_sum, N=8388608 
 Sum result = 35191771738496 
 elapsed_sec = 0.031056140 
Working on problem size N=16777216 
 inside sum_indirect problem_setup, N=16777216 
 inside sum_indirect perform_sum, N=16777216 
 Sum result = 140733513949952 
 elapsed_sec = 0.072497051 
Working on problem size N=33554432 
 inside sum_indirect problem_setup, N=33554432 
 inside sum_indirect perform_sum, N=33554432 
 Sum result = 562915932816896 
 elapsed_sec = 0.157557290 
Working on problem size N=67108864 
 inside sum_indirect problem_setup, N=67108864 
 inside sum_indirect perform_sum, N=67108864 
 Sum result = 2251803444743168 
 elapsed_sec = 0.327684689 
Working on problem size N=134217728 
 inside sum_indirect problem_setup, N=134217728 
 inside sum_indirect perform_sum, N=134217728 
 Sum result = 9007372007315456 
 elapsed_sec = 0.669977284 
Working on problem size N=268435456 
 inside sum_indirect problem_setup, N=268435456 
 inside sum_indirect perform_sum, N=268435456 
 Sum result = 36028417479946240 
 elapsed_sec = 1.354161905 
