Working on problem size N=8388608 
 inside direct_sum problem_setup, N=8388608 
 inside direct_sum perform_sum, N=8388608 
 Sum result = 35184367894528 
 elapsed_sec = 0.002470262 
Working on problem size N=16777216 
 inside direct_sum problem_setup, N=16777216 
 inside direct_sum perform_sum, N=16777216 
 Sum result = 140737479966720 
 elapsed_sec = 0.005082348 
Working on problem size N=33554432 
 inside direct_sum problem_setup, N=33554432 
 inside direct_sum perform_sum, N=33554432 
 Sum result = 562949936644096 
 elapsed_sec = 0.009943979 
Working on problem size N=67108864 
 inside direct_sum problem_setup, N=67108864 
 inside direct_sum perform_sum, N=67108864 
 Sum result = 2251799780130816 
 elapsed_sec = 0.019493817 
Working on problem size N=134217728 
 inside direct_sum problem_setup, N=134217728 
 inside direct_sum perform_sum, N=134217728 
 Sum result = 9007199187632128 
 elapsed_sec = 0.038288363 
Working on problem size N=268435456 
 inside direct_sum problem_setup, N=268435456 
 inside direct_sum perform_sum, N=268435456 
 Sum result = 36028796884746240 
 elapsed_sec = 0.076514886 
